Archive member included to satisfy reference by file (symbol)

c:/program files (x86)/embitz/1.11/share/em_armgcc/bin/../lib/gcc/arm-none-eabi/5.4.1/../../../../arm-none-eabi/lib/armv7-m\libg_n.a(lib_a-exit.o)
                              c:/program files (x86)/embitz/1.11/share/em_armgcc/bin/../lib/gcc/arm-none-eabi/5.4.1/../../../../arm-none-eabi/lib/armv7-m/crt0.o (exit)
c:/program files (x86)/embitz/1.11/share/em_armgcc/bin/../lib/gcc/arm-none-eabi/5.4.1/../../../../arm-none-eabi/lib/armv7-m\libg_n.a(lib_a-impure.o)
                              c:/program files (x86)/embitz/1.11/share/em_armgcc/bin/../lib/gcc/arm-none-eabi/5.4.1/../../../../arm-none-eabi/lib/armv7-m\libg_n.a(lib_a-exit.o) (_global_impure_ptr)
c:/program files (x86)/embitz/1.11/share/em_armgcc/bin/../lib/gcc/arm-none-eabi/5.4.1/../../../../arm-none-eabi/lib/armv7-m\libg_n.a(lib_a-init.o)
                              c:/program files (x86)/embitz/1.11/share/em_armgcc/bin/../lib/gcc/arm-none-eabi/5.4.1/../../../../arm-none-eabi/lib/armv7-m/crt0.o (__libc_init_array)
c:/program files (x86)/embitz/1.11/share/em_armgcc/bin/../lib/gcc/arm-none-eabi/5.4.1/../../../../arm-none-eabi/lib/armv7-m\libg_n.a(lib_a-memset.o)
                              c:/program files (x86)/embitz/1.11/share/em_armgcc/bin/../lib/gcc/arm-none-eabi/5.4.1/../../../../arm-none-eabi/lib/armv7-m/crt0.o (memset)
c:/program files (x86)/embitz/1.11/share/em_armgcc/bin/../lib/gcc/arm-none-eabi/5.4.1/../../../../arm-none-eabi/lib/armv7-m\libnosys_s.a(_exit.o)
                              c:/program files (x86)/embitz/1.11/share/em_armgcc/bin/../lib/gcc/arm-none-eabi/5.4.1/../../../../arm-none-eabi/lib/armv7-m\libg_n.a(lib_a-exit.o) (_exit)

Allocating common symbols
Common symbol       size              file

init_reg_1          0x1               obj\debug\src\main.o
init_reg_3          0x1               obj\debug\src\main.o
buff                0x78              obj\debug\src\main.o
init_reg_2          0x1               obj\debug\src\main.o
buf                 0x4               obj\debug\src\main.o

Discarded input sections

 .text          0x00000000        0x0 c:/program files (x86)/embitz/1.11/share/em_armgcc/bin/../lib/gcc/arm-none-eabi/5.4.1/armv7-m/crti.o
 .data          0x00000000        0x0 c:/program files (x86)/embitz/1.11/share/em_armgcc/bin/../lib/gcc/arm-none-eabi/5.4.1/armv7-m/crti.o
 .bss           0x00000000        0x0 c:/program files (x86)/embitz/1.11/share/em_armgcc/bin/../lib/gcc/arm-none-eabi/5.4.1/armv7-m/crti.o
 .data          0x00000000        0x4 c:/program files (x86)/embitz/1.11/share/em_armgcc/bin/../lib/gcc/arm-none-eabi/5.4.1/armv7-m/crtbegin.o
 .data          0x00000000        0x0 c:/program files (x86)/embitz/1.11/share/em_armgcc/bin/../lib/gcc/arm-none-eabi/5.4.1/../../../../arm-none-eabi/lib/armv7-m/crt0.o
 .bss           0x00000000        0x0 c:/program files (x86)/embitz/1.11/share/em_armgcc/bin/../lib/gcc/arm-none-eabi/5.4.1/../../../../arm-none-eabi/lib/armv7-m/crt0.o
 .ARM.extab     0x00000000        0x0 c:/program files (x86)/embitz/1.11/share/em_armgcc/bin/../lib/gcc/arm-none-eabi/5.4.1/../../../../arm-none-eabi/lib/armv7-m/crt0.o
 .group         0x00000000        0x8 obj\debug\spl\src\misc.o
 .group         0x00000000        0x8 obj\debug\spl\src\misc.o
 .group         0x00000000        0x8 obj\debug\spl\src\misc.o
 .group         0x00000000        0x8 obj\debug\spl\src\misc.o
 .group         0x00000000        0x8 obj\debug\spl\src\misc.o
 .group         0x00000000        0x8 obj\debug\spl\src\misc.o
 .group         0x00000000        0x8 obj\debug\spl\src\misc.o
 .group         0x00000000        0x8 obj\debug\spl\src\misc.o
 .group         0x00000000        0x8 obj\debug\spl\src\misc.o
 .group         0x00000000        0x8 obj\debug\spl\src\misc.o
 .group         0x00000000        0x8 obj\debug\spl\src\misc.o
 .group         0x00000000        0x8 obj\debug\spl\src\misc.o
 .group         0x00000000        0x8 obj\debug\spl\src\misc.o
 .group         0x00000000        0x8 obj\debug\spl\src\misc.o
 .group         0x00000000        0x8 obj\debug\spl\src\misc.o
 .group         0x00000000        0x8 obj\debug\spl\src\misc.o
 .group         0x00000000        0x8 obj\debug\spl\src\misc.o
 .group         0x00000000        0x8 obj\debug\spl\src\misc.o
 .group         0x00000000        0x8 obj\debug\spl\src\misc.o
 .group         0x00000000        0x8 obj\debug\spl\src\misc.o
 .group         0x00000000        0x8 obj\debug\spl\src\misc.o
 .group         0x00000000        0x8 obj\debug\spl\src\misc.o
 .group         0x00000000        0x8 obj\debug\spl\src\misc.o
 .group         0x00000000        0x8 obj\debug\spl\src\misc.o
 .group         0x00000000        0x8 obj\debug\spl\src\misc.o
 .group         0x00000000        0x8 obj\debug\spl\src\misc.o
 .group         0x00000000        0x8 obj\debug\spl\src\misc.o
 .group         0x00000000        0x8 obj\debug\spl\src\misc.o
[...]
Memory Configuration

Name             Origin             Length             Attributes
ROM              0x08000000         0x00010000         xr
RAM              0x20000000         0x00005000         xrw
*default*        0x00000000         0xffffffff

Linker script and memory map

LOAD c:/program files (x86)/embitz/1.11/share/em_armgcc/bin/../lib/gcc/arm-none-eabi/5.4.1/armv7-m/crti.o
LOAD c:/program files (x86)/embitz/1.11/share/em_armgcc/bin/../lib/gcc/arm-none-eabi/5.4.1/armv7-m/crtbegin.o
LOAD c:/program files (x86)/embitz/1.11/share/em_armgcc/bin/../lib/gcc/arm-none-eabi/5.4.1/../../../../arm-none-eabi/lib/armv7-m/crt0.o
                0x00000000                __HEAP_SIZE = 0x0
                0x00000100                __STACK_SIZE = 0x100

.text           0x08000000     0x1c98
 *(.isr_vector)
 .isr_vector    0x08000000       0xec obj\debug\src\startup_stm32f10x_md.o
                0x08000000                __isr_vector
 *(.text*)
 .text          0x080000ec       0x5c c:/program files (x86)/embitz/1.11/share/em_armgcc/bin/../lib/gcc/arm-none-eabi/5.4.1/armv7-m/crtbegin.o
 .text          0x08000148       0x74 c:/program files (x86)/embitz/1.11/share/em_armgcc/bin/../lib/gcc/arm-none-eabi/5.4.1/../../../../arm-none-eabi/lib/armv7-m/crt0.o
                0x08000148                _start
                0x08000148                _mainCRTStartup
 .text.GPIO_Init
                0x080001bc      0x178 obj\debug\spl\src\stm32f10x_gpio.o
                0x080001bc                GPIO_Init
 .text.GPIO_StructInit
                0x08000334       0x28 obj\debug\spl\src\stm32f10x_gpio.o
                0x08000334                GPIO_StructInit
 .text.GPIO_SetBits
                0x0800035c       0x1c obj\debug\spl\src\stm32f10x_gpio.o
                0x0800035c                GPIO_SetBits
 .text.GPIO_ResetBits
                0x08000378       0x1c obj\debug\spl\src\stm32f10x_gpio.o
                0x08000378                GPIO_ResetBits
 .text.GPIO_PinRemapConfig
                0x08000394       0xe0 obj\debug\spl\src\stm32f10x_gpio.o
                0x08000394                GPIO_PinRemapConfig
 .text.RCC_GetClocksFreq
                0x08000474      0x160 obj\debug\spl\src\stm32f10x_rcc.o
                0x08000474                RCC_GetClocksFreq
 .text.RCC_APB2PeriphClockCmd
                0x080005d4       0x3c obj\debug\spl\src\stm32f10x_rcc.o
                0x080005d4                RCC_APB2PeriphClockCmd
 .text.RCC_APB1PeriphClockCmd
                0x08000610       0x3c obj\debug\spl\src\stm32f10x_rcc.o
                0x08000610                RCC_APB1PeriphClockCmd
 .text.SPI_Init
                0x0800064c       0x88 obj\debug\spl\src\stm32f10x_spi.o
                0x0800064c                SPI_Init
 .text.SPI_StructInit
                0x080006d4       0x48 obj\debug\spl\src\stm32f10x_spi.o
                0x080006d4                SPI_StructInit
 .text.SPI_Cmd  0x0800071c       0x40 obj\debug\spl\src\stm32f10x_spi.o
                0x0800071c                SPI_Cmd
 .text.SPI_I2S_SendData
                0x0800075c       0x1c obj\debug\spl\src\stm32f10x_spi.o
                0x0800075c                SPI_I2S_SendData
 .text.SPI_I2S_ReceiveData
                0x08000778       0x18 obj\debug\spl\src\stm32f10x_spi.o
                0x08000778                SPI_I2S_ReceiveData
 .text.SPI_I2S_GetFlagStatus
                0x08000790       0x38 obj\debug\spl\src\stm32f10x_spi.o
                0x08000790                SPI_I2S_GetFlagStatus
 .text.TIM_TimeBaseInit
                0x080007c8       0xf8 obj\debug\spl\src\stm32f10x_tim.o
                0x080007c8                TIM_TimeBaseInit
 .text.TIM_Cmd  0x080008c0       0x40 obj\debug\spl\src\stm32f10x_tim.o
                0x080008c0                TIM_Cmd
 .text.TIM_InternalClockConfig
                0x08000900       0x24 obj\debug\spl\src\stm32f10x_tim.o
                0x08000900                TIM_InternalClockConfig
 .text.TIM_CounterModeConfig
                0x08000924       0x38 obj\debug\spl\src\stm32f10x_tim.o
                0x08000924                TIM_CounterModeConfig
 .text.TIM_GetFlagStatus
                0x0800095c       0x38 obj\debug\spl\src\stm32f10x_tim.o
                0x0800095c                TIM_GetFlagStatus
 .text.TIM_ClearFlag
                0x08000994       0x20 obj\debug\spl\src\stm32f10x_tim.o
                0x08000994                TIM_ClearFlag
 .text.USART_Init
                0x080009b4      0x174 obj\debug\spl\src\stm32f10x_usart.o
                0x080009b4                USART_Init
 .text.USART_Cmd
                0x08000b28       0x40 obj\debug\spl\src\stm32f10x_usart.o
                0x08000b28                USART_Cmd
 .text.USART_ReceiveData
                0x08000b68       0x20 obj\debug\spl\src\stm32f10x_usart.o
                0x08000b68                USART_ReceiveData
 .text.USART_GetFlagStatus
                0x08000b88       0x38 obj\debug\spl\src\stm32f10x_usart.o
                0x08000b88                USART_GetFlagStatus
 .text.UART_2_InitStructure
                0x08000bc0       0x60 obj\debug\src\main.o
                0x08000bc0                UART_2_InitStructure
 .text.TIM3_Configuration
                0x08000c20       0x50 obj\debug\src\main.o
                0x08000c20                TIM3_Configuration
 .text.UART_2_Rx_for_hand_pose
                0x08000c70       0xac obj\debug\src\main.o
                0x08000c70                UART_2_Rx_for_hand_pose
 .text.hand_pose_step_update
                0x08000d1c       0x3c obj\debug\src\main.o
                0x08000d1c                hand_pose_step_update
 .text.PeripheralInit_SPI1_Master
                0x08000d58       0xb4 obj\debug\src\main.o
                0x08000d58                PeripheralInit_SPI1_Master
 .text.PeripheralInit_GPIO
                0x08000e0c       0xd0 obj\debug\src\main.o
                0x08000e0c                PeripheralInit_GPIO
 .text.write_at_register_for_setting
                0x08000edc       0x78 obj\debug\src\main.o
                0x08000edc                write_at_register_for_setting
 .text.PWR_CTRL_setting
                0x08000f54       0x64 obj\debug\src\main.o
                0x08000f54                PWR_CTRL_setting
 .text.OSR_setting
                0x08000fb8       0xc0 obj\debug\src\main.o
                0x08000fb8                OSR_setting
 .text.ODR_setting
                0x08001078       0x64 obj\debug\src\main.o
                0x08001078                ODR_setting
 .text.IF_CONF_setting
                0x080010dc       0x64 obj\debug\src\main.o
                0x080010dc                IF_CONF_setting
 .text.bmp388_Init
                0x08001140       0x18 obj\debug\src\main.o
                0x08001140                bmp388_Init
 .text.get_pressure_val
                0x08001158       0xc0 obj\debug\src\main.o
                0x08001158                get_pressure_val
 .text.get_initalizing_adc_val
                0x08001218       0x84 obj\debug\src\main.o
                0x08001218                get_initalizing_adc_val
 .text.SPI_Read_val
                0x0800129c      0x118 obj\debug\src\main.o
                0x0800129c                SPI_Read_val
 .text.sensor_val_update
                0x080013b4       0x7c obj\debug\src\main.o
                0x080013b4                sensor_val_update
 .text.check_threshold
                0x08001430       0xac obj\debug\src\main.o
                0x08001430                check_threshold
 .text.threshold_to_pulse
                0x080014dc       0x58 obj\debug\src\main.o
                0x080014dc                threshold_to_pulse
 .text.make_pulse_threshold
                0x08001534       0x78 obj\debug\src\main.o
                0x08001534                make_pulse_threshold
 .text.thumb_pulse
                0x080015ac      0x108 obj\debug\src\main.o
                0x080015ac                thumb_pulse
 .text.index_pulse
                0x080016b4      0x13c obj\debug\src\main.o
                0x080016b4                index_pulse
 .text.middle_pulse
                0x080017f0      0x140 obj\debug\src\main.o
                0x080017f0                middle_pulse
 .text.main     0x08001930       0x90 obj\debug\src\main.o
                0x08001930                main
 .text          0x080019c0       0xb8 obj\debug\src\startup_stm32f10x_md.o
                0x080019c0                Reset_Handler
                0x08001a06                NMI_Handler
                0x08001a08                HardFault_Handler
                0x08001a0a                MemManage_Handler
                0x08001a0c                BusFault_Handler
                0x08001a0e                UsageFault_Handler
                0x08001a10                SVC_Handler
                0x08001a12                DebugMon_Handler
                0x08001a14                PendSV_Handler
                0x08001a16                SysTick_Handler
                0x08001a18                Default_Handler
                0x08001a1a                WWDG_IRQHandler
                0x08001a1c                PVD_IRQHandler
                0x08001a1e                TAMPER_IRQHandler
                0x08001a20                RTC_IRQHandler
                0x08001a22                FLASH_IRQHandler
                0x08001a24                RCC_IRQHandler
                0x08001a26                EXTI0_IRQHandler
                0x08001a28                EXTI1_IRQHandler
                0x08001a2a                EXTI2_IRQHandler
                0x08001a2c                EXTI3_IRQHandler
                0x08001a2e                EXTI4_IRQHandler
                0x08001a30                DMA1_Channel1_IRQHandler
                0x08001a32                DMA1_Channel2_IRQHandler
                0x08001a34                DMA1_Channel3_IRQHandler
                0x08001a36                DMA1_Channel4_IRQHandler
                0x08001a38                DMA1_Channel5_IRQHandler
                0x08001a3a                DMA1_Channel6_IRQHandler
                0x08001a3c                DMA1_Channel7_IRQHandler
                0x08001a3e                ADC1_2_IRQHandler
                0x08001a40                USB_HP_CAN1_TX_IRQHandler
                0x08001a42                USB_LP_CAN1_RX0_IRQHandler
                0x08001a44                CAN1_RX1_IRQHandler
                0x08001a46                CAN1_SCE_IRQHandler
                0x08001a48                EXTI9_5_IRQHandler
                0x08001a4a                TIM1_BRK_IRQHandler
                0x08001a4c                TIM1_UP_IRQHandler
                0x08001a4e                TIM1_TRG_COM_IRQHandler
                0x08001a50                TIM1_CC_IRQHandler
                0x08001a52                TIM2_IRQHandler
                0x08001a54                TIM3_IRQHandler
                0x08001a56                TIM4_IRQHandler
                0x08001a58                I2C1_EV_IRQHandler
                0x08001a5a                I2C1_ER_IRQHandler
                0x08001a5c                I2C2_EV_IRQHandler
                0x08001a5e                I2C2_ER_IRQHandler
                0x08001a60                SPI1_IRQHandler
                0x08001a62                SPI2_IRQHandler
                0x08001a64                USART1_IRQHandler
                0x08001a66                USART2_IRQHandler
                0x08001a68                USART3_IRQHandler
                0x08001a6a                EXTI15_10_IRQHandler
                0x08001a6c                RTCAlarm_IRQHandler
                0x08001a6e                USBWakeUp_IRQHandler
 .text.SystemInit
                0x08001a78       0x68 obj\debug\src\system_stm32f10x.o
                0x08001a78                SystemInit
 .text.SetSysClock
                0x08001ae0        0xc obj\debug\src\system_stm32f10x.o
 .text.SetSysClockTo72
                0x08001aec      0x100 obj\debug\src\system_stm32f10x.o
 .text.exit     0x08001bec       0x28 c:/program files (x86)/embitz/1.11/share/em_armgcc/bin/../lib/gcc/arm-none-eabi/5.4.1/../../../../arm-none-eabi/lib/armv7-m\libg_n.a(lib_a-exit.o)
                0x08001bec                exit
 .text.__libc_init_array
                0x08001c14       0x4c c:/program files (x86)/embitz/1.11/share/em_armgcc/bin/../lib/gcc/arm-none-eabi/5.4.1/../../../../arm-none-eabi/lib/armv7-m\libg_n.a(lib_a-init.o)
                0x08001c14                __libc_init_array
 .text.memset   0x08001c60       0x10 c:/program files (x86)/embitz/1.11/share/em_armgcc/bin/../lib/gcc/arm-none-eabi/5.4.1/../../../../arm-none-eabi/lib/armv7-m\libg_n.a(lib_a-memset.o)
                0x08001c60                memset
 .text._exit    0x08001c70        0x2 c:/program files (x86)/embitz/1.11/share/em_armgcc/bin/../lib/gcc/arm-none-eabi/5.4.1/../../../../arm-none-eabi/lib/armv7-m\libnosys_s.a(_exit.o)
                0x08001c70                _exit
 *(.init)
 *fill*         0x08001c72        0x2 
 .init          0x08001c74        0x4 c:/program files (x86)/embitz/1.11/share/em_armgcc/bin/../lib/gcc/arm-none-eabi/5.4.1/armv7-m/crti.o
                0x08001c74                _init
 .init          0x08001c78        0x8 c:/program files (x86)/embitz/1.11/share/em_armgcc/bin/../lib/gcc/arm-none-eabi/5.4.1/armv7-m/crtn.o
 *(.fini)
 .fini          0x08001c80        0x4 c:/program files (x86)/embitz/1.11/share/em_armgcc/bin/../lib/gcc/arm-none-eabi/5.4.1/armv7-m/crti.o
                0x08001c80                _fini
 .fini          0x08001c84        0x8 c:/program files (x86)/embitz/1.11/share/em_armgcc/bin/../lib/gcc/arm-none-eabi/5.4.1/armv7-m/crtn.o
 *crtbegin.o(.ctors)
 *crtbegin?.o(.ctors)
 *(EXCLUDE_FILE(*crtend.o *crtend?.o) .ctors)
 *(SORT(.ctors.*))
 *(.ctors)
 *crtbegin.o(.dtors)
 *crtbegin?.o(.dtors)
 *(EXCLUDE_FILE(*crtend.o *crtend?.o) .dtors)
 *(SORT(.dtors.*))
 *(.dtors)
 *(.rodata*)
 .rodata.str1.1
                0x08001c8c        0x2 c:/program files (x86)/embitz/1.11/share/em_armgcc/bin/../lib/gcc/arm-none-eabi/5.4.1/../../../../arm-none-eabi/lib/armv7-m\libg_n.a(lib_a-impure.o)
 *fill*         0x08001c8e        0x2 
 .rodata._global_impure_ptr
                0x08001c90        0x4 c:/program files (x86)/embitz/1.11/share/em_armgcc/bin/../lib/gcc/arm-none-eabi/5.4.1/../../../../arm-none-eabi/lib/armv7-m\libg_n.a(lib_a-impure.o)
                0x08001c90                _global_impure_ptr
 *(.eh_frame*)
 .eh_frame      0x08001c94        0x0 c:/program files (x86)/embitz/1.11/share/em_armgcc/bin/../lib/gcc/arm-none-eabi/5.4.1/armv7-m/crtbegin.o
 .eh_frame      0x08001c94        0x4 c:/program files (x86)/embitz/1.11/share/em_armgcc/bin/../lib/gcc/arm-none-eabi/5.4.1/armv7-m/crtend.o

.glue_7         0x08001c98        0x0
 .glue_7        0x08001c98        0x0 linker stubs

.glue_7t        0x08001c98        0x0
 .glue_7t       0x08001c98        0x0 linker stubs

.vfp11_veneer   0x08001c98        0x0
 .vfp11_veneer  0x08001c98        0x0 linker stubs

.v4_bx          0x08001c98        0x0
 .v4_bx         0x08001c98        0x0 linker stubs

.iplt           0x08001c98        0x0
 .iplt          0x08001c98        0x0 c:/program files (x86)/embitz/1.11/share/em_armgcc/bin/../lib/gcc/arm-none-eabi/5.4.1/armv7-m/crtbegin.o

.ARM.extab
 *(.ARM.extab* .gnu.linkonce.armextab.*)
                0x08001c98                __exidx_start = .

.ARM.exidx      0x08001c98        0x8
 *(.ARM.exidx* .gnu.linkonce.armexidx.*)
 .ARM.exidx     0x08001c98        0x8 c:/program files (x86)/embitz/1.11/share/em_armgcc/bin/../lib/gcc/arm-none-eabi/5.4.1/../../../../arm-none-eabi/lib/armv7-m/crt0.o
                0x08001ca0                __exidx_end = .
                0x08001ca0                __etext = .

.rel.dyn        0x08001ca0        0x0
 .rel.iplt      0x08001ca0        0x0 c:/program files (x86)/embitz/1.11/share/em_armgcc/bin/../lib/gcc/arm-none-eabi/5.4.1/armv7-m/crtbegin.o

.data           0x20000000       0x80 load address 0x08001ca0
                0x20000000                __data_start__ = .
 *(vtable)
 *(.data*)
 .data.APBAHBPrescTable
                0x20000000       0x10 obj\debug\spl\src\stm32f10x_rcc.o
 .data.ADCPrescTable
                0x20000010        0x4 obj\debug\spl\src\stm32f10x_rcc.o
 .data.threshold_val
                0x20000014        0x4 obj\debug\src\main.o
                0x20000014                threshold_val
 .data.impure_data
                0x20000018       0x60 c:/program files (x86)/embitz/1.11/share/em_armgcc/bin/../lib/gcc/arm-none-eabi/5.4.1/../../../../arm-none-eabi/lib/armv7-m\libg_n.a(lib_a-impure.o)
                0x20000078                . = ALIGN (0x4)
                0x20000078                PROVIDE (__preinit_array_start, .)
 *(.preinit_array)
                0x20000078                PROVIDE (__preinit_array_end, .)
                0x20000078                . = ALIGN (0x4)
                0x20000078                PROVIDE (__init_array_start, .)
 *(SORT(.init_array.*))
 *(.init_array)
 .init_array    0x20000078        0x4 c:/program files (x86)/embitz/1.11/share/em_armgcc/bin/../lib/gcc/arm-none-eabi/5.4.1/armv7-m/crtbegin.o
                0x2000007c                PROVIDE (__init_array_end, .)
                0x2000007c                . = ALIGN (0x4)
                [!provide]                PROVIDE (__fini_array_start, .)
 *(SORT(.fini_array.*))
 *(.fini_array)
 .fini_array    0x2000007c        0x4 c:/program files (x86)/embitz/1.11/share/em_armgcc/bin/../lib/gcc/arm-none-eabi/5.4.1/armv7-m/crtbegin.o
                [!provide]                PROVIDE (__fini_array_end, .)
                0x20000080                . = ALIGN (0x4)
                0x20000080                __data_end__ = .

.jcr            0x20000080        0x0 load address 0x08001d20
 .jcr           0x20000080        0x0 c:/program files (x86)/embitz/1.11/share/em_armgcc/bin/../lib/gcc/arm-none-eabi/5.4.1/armv7-m/crtbegin.o

.igot.plt       0x20000080        0x0 load address 0x08001d20
 .igot.plt      0x20000080        0x0 c:/program files (x86)/embitz/1.11/share/em_armgcc/bin/../lib/gcc/arm-none-eabi/5.4.1/armv7-m/crtbegin.o

.bss            0x20000080       0xe8 load address 0x08001d20
                0x20000080                __bss_start__ = .
 *(.bss*)
 .bss           0x20000080       0x1c c:/program files (x86)/embitz/1.11/share/em_armgcc/bin/../lib/gcc/arm-none-eabi/5.4.1/armv7-m/crtbegin.o
 .bss.Rx_flag   0x2000009c        0x4 obj\debug\src\main.o
                0x2000009c                Rx_flag
 .bss.Rx_cnt    0x200000a0        0x4 obj\debug\src\main.o
                0x200000a0                Rx_cnt
 .bss.Rx_finish_cnt
                0x200000a4        0x4 obj\debug\src\main.o
                0x200000a4                Rx_finish_cnt
 .bss.adc_P_val_1
                0x200000a8        0x4 obj\debug\src\main.o
                0x200000a8                adc_P_val_1
 .bss.adc_P_val_2
                0x200000ac        0x4 obj\debug\src\main.o
                0x200000ac                adc_P_val_2
 .bss.adc_P_val_3
                0x200000b0        0x4 obj\debug\src\main.o
                0x200000b0                adc_P_val_3
 .bss.init_adc_P_val_1
                0x200000b4        0x4 obj\debug\src\main.o
                0x200000b4                init_adc_P_val_1
 .bss.delta_P_val_1
                0x200000b8        0x4 obj\debug\src\main.o
                0x200000b8                delta_P_val_1
 .bss.init_adc_P_val_2
                0x200000bc        0x4 obj\debug\src\main.o
                0x200000bc                init_adc_P_val_2
 .bss.delta_P_val_2
                0x200000c0        0x4 obj\debug\src\main.o
                0x200000c0                delta_P_val_2
 .bss.init_adc_P_val_3
                0x200000c4        0x4 obj\debug\src\main.o
                0x200000c4                init_adc_P_val_3
 .bss.delta_P_val_3
                0x200000c8        0x4 obj\debug\src\main.o
                0x200000c8                delta_P_val_3
 .bss.threshold_flag_1
                0x200000cc        0x4 obj\debug\src\main.o
                0x200000cc                threshold_flag_1
 .bss.threshold_flag_2
                0x200000d0        0x4 obj\debug\src\main.o
                0x200000d0                threshold_flag_2
 .bss.threshold_flag_3
                0x200000d4        0x4 obj\debug\src\main.o
                0x200000d4                threshold_flag_3
 .bss.thumb_case
                0x200000d8        0x4 obj\debug\src\main.o
                0x200000d8                thumb_case
 .bss.Index_case
                0x200000dc        0x4 obj\debug\src\main.o
                0x200000dc                Index_case
 .bss.middle_case
                0x200000e0        0x4 obj\debug\src\main.o
                0x200000e0                middle_case
 *(COMMON)
 COMMON         0x200000e4       0x84 obj\debug\src\main.o
                0x200000e4                init_reg_1
                0x200000e5                init_reg_3
                0x200000e8                buff
                0x20000160                init_reg_2
                0x20000164                buf
                0x20000168                __bss_end__ = .

.heap           0x20000168        0x0
                0x20000168                __end__ = .
                0x20000168                end = __end__
 *(.heap*)
 .heap          0x20000168        0x0 obj\debug\src\startup_stm32f10x_md.o
                0x20000168                __HeapLimit = .

.stack_dummy    0x20000168      0x100
 *(.stack)
 .stack         0x20000168      0x100 obj\debug\src\startup_stm32f10x_md.o
                0x20005000                __StackTop = (ORIGIN (RAM) + LENGTH (RAM))
                0x20004f00                __StackLimit = (__StackTop - SIZEOF (.stack_dummy))
                0x20005000                PROVIDE (__stack, __StackTop)
                0x00000001                ASSERT ((__StackLimit >= __HeapLimit), region RAM overflowed with stack)
LOAD obj\debug\spl\src\misc.o
LOAD obj\debug\spl\src\stm32f10x_adc.o
LOAD obj\debug\spl\src\stm32f10x_bkp.o
LOAD obj\debug\spl\src\stm32f10x_can.o
LOAD obj\debug\spl\src\stm32f10x_cec.o
LOAD obj\debug\spl\src\stm32f10x_crc.o
LOAD obj\debug\spl\src\stm32f10x_dac.o
LOAD obj\debug\spl\src\stm32f10x_dbgmcu.o
LOAD obj\debug\spl\src\stm32f10x_dma.o
LOAD obj\debug\spl\src\stm32f10x_exti.o
LOAD obj\debug\spl\src\stm32f10x_flash.o
LOAD obj\debug\spl\src\stm32f10x_fsmc.o
LOAD obj\debug\spl\src\stm32f10x_gpio.o
LOAD obj\debug\spl\src\stm32f10x_i2c.o
LOAD obj\debug\spl\src\stm32f10x_iwdg.o
LOAD obj\debug\spl\src\stm32f10x_pwr.o
LOAD obj\debug\spl\src\stm32f10x_rcc.o
LOAD obj\debug\spl\src\stm32f10x_rtc.o
LOAD obj\debug\spl\src\stm32f10x_sdio.o
LOAD obj\debug\spl\src\stm32f10x_spi.o
LOAD obj\debug\spl\src\stm32f10x_tim.o
LOAD obj\debug\spl\src\stm32f10x_usart.o
LOAD obj\debug\spl\src\stm32f10x_wwdg.o
LOAD obj\debug\src\main.o
LOAD obj\debug\src\startup_stm32f10x_md.o
LOAD obj\debug\src\system_stm32f10x.o
START GROUP
LOAD c:/program files (x86)/embitz/1.11/share/em_armgcc/bin/../lib/gcc/arm-none-eabi/5.4.1/armv7-m\libgcc.a
LOAD c:/program files (x86)/embitz/1.11/share/em_armgcc/bin/../lib/gcc/arm-none-eabi/5.4.1/../../../../arm-none-eabi/lib/armv7-m\libg_n.a
LOAD c:/program files (x86)/embitz/1.11/share/em_armgcc/bin/../lib/gcc/arm-none-eabi/5.4.1/../../../../arm-none-eabi/lib/armv7-m\libc_n.a
END GROUP
START GROUP
LOAD c:/program files (x86)/embitz/1.11/share/em_armgcc/bin/../lib/gcc/arm-none-eabi/5.4.1/armv7-m\libgcc.a
LOAD c:/program files (x86)/embitz/1.11/share/em_armgcc/bin/../lib/gcc/arm-none-eabi/5.4.1/../../../../arm-none-eabi/lib/armv7-m\libc_n.a
LOAD c:/program files (x86)/embitz/1.11/share/em_armgcc/bin/../lib/gcc/arm-none-eabi/5.4.1/../../../../arm-none-eabi/lib/armv7-m\libnosys_s.a
END GROUP
LOAD c:/program files (x86)/embitz/1.11/share/em_armgcc/bin/../lib/gcc/arm-none-eabi/5.4.1/armv7-m/crtend.o
LOAD c:/program files (x86)/embitz/1.11/share/em_armgcc/bin/../lib/gcc/arm-none-eabi/5.4.1/armv7-m/crtn.o
OUTPUT(bin\Debug\Soro_Final.elf elf32-littlearm)

.ARM.attributes
                0x00000000       0x29
 .ARM.attributes
                0x00000000       0x1d c:/program files (x86)/embitz/1.11/share/em_armgcc/bin/../lib/gcc/arm-none-eabi/5.4.1/armv7-m/crti.o
 .ARM.attributes
                0x0000001d       0x2d c:/program files (x86)/embitz/1.11/share/em_armgcc/bin/../lib/gcc/arm-none-eabi/5.4.1/armv7-m/crtbegin.o
 .ARM.attributes
                0x0000004a       0x1b c:/program files (x86)/embitz/1.11/share/em_armgcc/bin/../lib/gcc/arm-none-eabi/5.4.1/../../../../arm-none-eabi/lib/armv7-m/crt0.o
 .ARM.attributes
                0x00000065       0x33 obj\debug\spl\src\stm32f10x_gpio.o
 .ARM.attributes
                0x00000098       0x33 obj\debug\spl\src\stm32f10x_rcc.o
 .ARM.attributes
                0x000000cb       0x33 obj\debug\spl\src\stm32f10x_spi.o
 .ARM.attributes
                0x000000fe       0x33 obj\debug\spl\src\stm32f10x_tim.o
 .ARM.attributes
                0x00000131       0x33 obj\debug\spl\src\stm32f10x_usart.o
 .ARM.attributes
                0x00000164       0x33 obj\debug\src\main.o
 .ARM.attributes
                0x00000197       0x1b obj\debug\src\startup_stm32f10x_md.o
 .ARM.attributes
                0x000001b2       0x33 obj\debug\src\system_stm32f10x.o
 .ARM.attributes
                0x000001e5       0x2d c:/program files (x86)/embitz/1.11/share/em_armgcc/bin/../lib/gcc/arm-none-eabi/5.4.1/../../../../arm-none-eabi/lib/armv7-m\libg_n.a(lib_a-exit.o)
 .ARM.attributes
                0x00000212       0x2d c:/program files (x86)/embitz/1.11/share/em_armgcc/bin/../lib/gcc/arm-none-eabi/5.4.1/../../../../arm-none-eabi/lib/armv7-m\libg_n.a(lib_a-impure.o)
 .ARM.attributes
                0x0000023f       0x2d c:/program files (x86)/embitz/1.11/share/em_armgcc/bin/../lib/gcc/arm-none-eabi/5.4.1/../../../../arm-none-eabi/lib/armv7-m\libg_n.a(lib_a-init.o)
 .ARM.attributes
                0x0000026c       0x2d c:/program files (x86)/embitz/1.11/share/em_armgcc/bin/../lib/gcc/arm-none-eabi/5.4.1/../../../../arm-none-eabi/lib/armv7-m\libg_n.a(lib_a-memset.o)
 .ARM.attributes
                0x00000299       0x2d c:/program files (x86)/embitz/1.11/share/em_armgcc/bin/../lib/gcc/arm-none-eabi/5.4.1/../../../../arm-none-eabi/lib/armv7-m\libnosys_s.a(_exit.o)
 .ARM.attributes
                0x000002c6       0x2d c:/program files (x86)/embitz/1.11/share/em_armgcc/bin/../lib/gcc/arm-none-eabi/5.4.1/armv7-m/crtend.o
 .ARM.attributes
                0x000002f3       0x1d c:/program files (x86)/embitz/1.11/share/em_armgcc/bin/../lib/gcc/arm-none-eabi/5.4.1/armv7-m/crtn.o

.comment        0x00000000       0x6e
 .comment       0x00000000       0x6e obj\debug\spl\src\stm32f10x_gpio.o
                                 0x6f (size before relaxing)
 .comment       0x0000006e       0x6f obj\debug\spl\src\stm32f10x_rcc.o
 .comment       0x0000006e       0x6f obj\debug\spl\src\stm32f10x_spi.o
 .comment       0x0000006e       0x6f obj\debug\spl\src\stm32f10x_tim.o
 .comment       0x0000006e       0x6f obj\debug\spl\src\stm32f10x_usart.o
 .comment       0x0000006e       0x6f obj\debug\src\main.o
 .comment       0x0000006e       0x6f obj\debug\src\system_stm32f10x.o

.debug_info     0x00000000     0x51eb
 .debug_info    0x00000000      0x6fe obj\debug\spl\src\stm32f10x_gpio.o
 .debug_info    0x000006fe      0x8ab obj\debug\spl\src\stm32f10x_rcc.o
 .debug_info    0x00000fa9      0x903 obj\debug\spl\src\stm32f10x_spi.o
 .debug_info    0x000018ac     0x1c68 obj\debug\spl\src\stm32f10x_tim.o
 .debug_info    0x00003514      0x9f8 obj\debug\spl\src\stm32f10x_usart.o
 .debug_info    0x00003f0c      0xdd8 obj\debug\src\main.o
 .debug_info    0x00004ce4       0x63 obj\debug\src\startup_stm32f10x_md.o
 .debug_info    0x00004d47      0x4a4 obj\debug\src\system_stm32f10x.o

.debug_abbrev   0x00000000      0xbfd
 .debug_abbrev  0x00000000      0x1d1 obj\debug\spl\src\stm32f10x_gpio.o
 .debug_abbrev  0x000001d1      0x1c1 obj\debug\spl\src\stm32f10x_rcc.o
 .debug_abbrev  0x00000392      0x185 obj\debug\spl\src\stm32f10x_spi.o
 .debug_abbrev  0x00000517      0x1b7 obj\debug\spl\src\stm32f10x_tim.o
 .debug_abbrev  0x000006ce      0x169 obj\debug\spl\src\stm32f10x_usart.o
 .debug_abbrev  0x00000837      0x25f obj\debug\src\main.o
 .debug_abbrev  0x00000a96       0x14 obj\debug\src\startup_stm32f10x_md.o
 .debug_abbrev  0x00000aaa      0x153 obj\debug\src\system_stm32f10x.o

.debug_aranges  0x00000000      0x7a8
 .debug_aranges
                0x00000000       0xa8 obj\debug\spl\src\stm32f10x_gpio.o
 .debug_aranges
                0x000000a8      0x118 obj\debug\spl\src\stm32f10x_rcc.o
 .debug_aranges
                0x000001c0       0xd0 obj\debug\spl\src\stm32f10x_spi.o
 .debug_aranges
                0x00000290      0x2f0 obj\debug\spl\src\stm32f10x_tim.o
 .debug_aranges
                0x00000580      0x100 obj\debug\spl\src\stm32f10x_usart.o
 .debug_aranges
                0x00000680       0xd0 obj\debug\src\main.o
 .debug_aranges
                0x00000750       0x20 obj\debug\src\startup_stm32f10x_md.o
 .debug_aranges
                0x00000770       0x38 obj\debug\src\system_stm32f10x.o

.debug_ranges   0x00000000      0x718
 .debug_ranges  0x00000000       0x98 obj\debug\spl\src\stm32f10x_gpio.o
 .debug_ranges  0x00000098      0x108 obj\debug\spl\src\stm32f10x_rcc.o
 .debug_ranges  0x000001a0       0xc0 obj\debug\spl\src\stm32f10x_spi.o
 .debug_ranges  0x00000260      0x2e0 obj\debug\spl\src\stm32f10x_tim.o
 .debug_ranges  0x00000540       0xf0 obj\debug\spl\src\stm32f10x_usart.o
 .debug_ranges  0x00000630       0xc0 obj\debug\src\main.o
 .debug_ranges  0x000006f0       0x28 obj\debug\src\system_stm32f10x.o

.debug_macro    0x00000000     0x205e
 .debug_macro   0x00000000      0x1e6 obj\debug\spl\src\stm32f10x_gpio.o
 .debug_macro   0x000001e6      0x2a6 obj\debug\spl\src\stm32f10x_gpio.o
 .debug_macro   0x0000048c      0x2b4 obj\debug\spl\src\stm32f10x_rcc.o
 .debug_macro   0x00000740      0x3dc obj\debug\spl\src\stm32f10x_rcc.o
 .debug_macro   0x00000b1c      0x1fe obj\debug\spl\src\stm32f10x_spi.o
 .debug_macro   0x00000d1a      0x2be obj\debug\spl\src\stm32f10x_spi.o
 .debug_macro   0x00000fd8      0x1b0 obj\debug\spl\src\stm32f10x_tim.o
 .debug_macro   0x00001188      0x70b obj\debug\spl\src\stm32f10x_tim.o
 .debug_macro   0x00001893      0x24c obj\debug\spl\src\stm32f10x_usart.o
 .debug_macro   0x00001adf      0x21a obj\debug\spl\src\stm32f10x_usart.o
 .debug_macro   0x00001cf9      0x1ca obj\debug\src\main.o
 .debug_macro   0x00001ec3      0x19b obj\debug\src\system_stm32f10x.o

.debug_line     0x00000000     0x34af
 .debug_line    0x00000000      0x605 obj\debug\spl\src\stm32f10x_gpio.o
 .debug_line    0x00000605      0x701 obj\debug\spl\src\stm32f10x_rcc.o
 .debug_line    0x00000d06      0x650 obj\debug\spl\src\stm32f10x_spi.o
 .debug_line    0x00001356      0xd86 obj\debug\spl\src\stm32f10x_tim.o
 .debug_line    0x000020dc      0x6d3 obj\debug\spl\src\stm32f10x_usart.o
 .debug_line    0x000027af      0x78f obj\debug\src\main.o
 .debug_line    0x00002f3e       0xa8 obj\debug\src\startup_stm32f10x_md.o
 .debug_line    0x00002fe6      0x4c9 obj\debug\src\system_stm32f10x.o

.debug_str      0x00000000    0x51437
 .debug_str     0x00000000    0x4ea81 obj\debug\spl\src\stm32f10x_gpio.o
                              0x4ebfe (size before relaxing)
 .debug_str     0x0004ea81      0xb44 obj\debug\spl\src\stm32f10x_rcc.o
                              0x4f1e4 (size before relaxing)
 .debug_str     0x0004f5c5      0x601 obj\debug\spl\src\stm32f10x_spi.o
                              0x4ecfe (size before relaxing)
 .debug_str     0x0004fbc6      0xbdd obj\debug\spl\src\stm32f10x_tim.o
                              0x4f302 (size before relaxing)
 .debug_str     0x000507a3      0x7d9 obj\debug\spl\src\stm32f10x_usart.o
                              0x4ef0e (size before relaxing)
 .debug_str     0x00050f7c      0x3b0 obj\debug\src\main.o
                              0x4edec (size before relaxing)
 .debug_str     0x0005132c      0x10b obj\debug\src\system_stm32f10x.o
                              0x4e7bf (size before relaxing)

.debug_frame    0x00000000     0x224c
 .debug_frame   0x00000000      0x2d0 obj\debug\spl\src\stm32f10x_gpio.o
 .debug_frame   0x000002d0      0x4f4 obj\debug\spl\src\stm32f10x_rcc.o
 .debug_frame   0x000007c4      0x3a0 obj\debug\spl\src\stm32f10x_spi.o
 .debug_frame   0x00000b64      0xe2c obj\debug\spl\src\stm32f10x_tim.o
 .debug_frame   0x00001990      0x490 obj\debug\spl\src\stm32f10x_usart.o
 .debug_frame   0x00001e20      0x300 obj\debug\src\main.o
 .debug_frame   0x00002120       0x98 obj\debug\src\system_stm32f10x.o
 .debug_frame   0x000021b8       0x28 c:/program files (x86)/embitz/1.11/share/em_armgcc/bin/../lib/gcc/arm-none-eabi/5.4.1/../../../../arm-none-eabi/lib/armv7-m\libg_n.a(lib_a-exit.o)
 .debug_frame   0x000021e0       0x2c c:/program files (x86)/embitz/1.11/share/em_armgcc/bin/../lib/gcc/arm-none-eabi/5.4.1/../../../../arm-none-eabi/lib/armv7-m\libg_n.a(lib_a-init.o)
 .debug_frame   0x0000220c       0x20 c:/program files (x86)/embitz/1.11/share/em_armgcc/bin/../lib/gcc/arm-none-eabi/5.4.1/../../../../arm-none-eabi/lib/armv7-m\libg_n.a(lib_a-memset.o)
 .debug_frame   0x0000222c       0x20 c:/program files (x86)/embitz/1.11/share/em_armgcc/bin/../lib/gcc/arm-none-eabi/5.4.1/../../../../arm-none-eabi/lib/armv7-m\libnosys_s.a(_exit.o)
